---
source: graphql-parser/tests/__generated__tests.rs
expression: "format!(\"{}\\n---\\n{:#?}\", & input, & result)"
---
enum Site {
  DESKTOP
  MOBILE
}

---
Err(
    ParseError(
        "Parse error at 1:1\nUnexpected `enum[Name]`\nExpected `{`, `query`, `mutation`, `subscription` or `fragment`\n",
    ),
)
