---
source: graphql-parser/tests/__generated__tests.rs
expression: "format!(\"{}\\n---\\n{:#?}\", & input, & result)"
---
extend scalar CustomScalar @onScalar

---
Err(
    ParseError(
        "Parse error at 1:1\nUnexpected `extend[Name]`\nExpected `{`, `query`, `mutation`, `subscription` or `fragment`\n",
    ),
)
