---
source: graphql-parser/tests/__generated__tests.rs
expression: "format!(\"{}\\n---\\n{:#?}\", & input, & result)"
---
extend enum Site {
  VR
}

---
Ok(
    Document {
        definitions: [
            TypeExtension(
                Enum(
                    EnumTypeExtension {
                        position: Pos(1:8),
                        name: "Site",
                        directives: [],
                        values: [
                            EnumValue {
                                position: Pos(2:3),
                                description: None,
                                name: "VR",
                                directives: [],
                            },
                        ],
                    },
                ),
            ),
        ],
    },
)
