---
source: graphql-parser/tests/__generated__tests.rs
expression: "format!(\"{}\\n---\\n{:#?}\", & input, & visit_parse_schema(& ast))"
---
extend input InputType {
  other: Float = 1.23e4
}

---
Print {
    output: [
        Visit {
            event: "enter_schema",
            name: None,
        },
        Visit {
            event: "enter_schema_def",
            name: Some(
                "InputType",
            ),
        },
        Visit {
            event: "leave_schema_def",
            name: Some(
                "InputType",
            ),
        },
        Visit {
            event: "leave_schema",
            name: None,
        },
    ],
}
