---
source: graphql-parser/tests/__generated__tests.rs
expression: "format!(\"{}\\n---\\n{:#?}\", & input, & result)"
---
schema {
  query: Query
}

---
Ok(
    Document {
        definitions: [
            Schema(
                SchemaDefinition {
                    position: Pos(1:1),
                    directives: [],
                    query: Some(
                        "Query",
                    ),
                    mutation: None,
                    subscription: None,
                },
            ),
        ],
    },
)
