---
source: core-schema/src/schema.rs
expression: "{\n    let schema =\n        Schema::parse(r#\"\n            schema\n                @req(feature: \"https://lib.apollo.dev/core/v0.1\", as: \"req\")\n                @req(feature: \"https://spec.example.com/A/v1.0\")\n                @core(feature: \"https://spec.example.com/B/v2.2\")\n                {\n                    query: Query\n                }\n        \"#)?;\n    (schema.errors, schema.features)\n}"
---
(
    [],
    [
        Feature {
            spec: Spec {
                identity: "https://lib.apollo.dev/core",
                name: "core",
                version: Version(
                    0,
                    1,
                ),
            },
            name: "req",
            position: Pos(3:17),
        },
        Feature {
            spec: Spec {
                identity: "https://spec.example.com/A",
                name: "A",
                version: Version(
                    1,
                    0,
                ),
            },
            name: "A",
            position: Pos(4:17),
        },
    ],
)
